AR decoder7seg behavioral C:/Users/Junior/Desktop/projeto_final_novo_praticamente_pronto/projeto_final_novo/decoder7seg.vhd sub00/vhpl03 1503435489
EN clk1khz NULL C:/Users/Junior/Desktop/projeto_final_novo_praticamente_pronto/projeto_final_novo/clk1khz.vhd sub00/vhpl00 1503435484
AR parquimetro behavioral C:/Users/Junior/Desktop/projeto_final_novo_praticamente_pronto/projeto_final_novo/parquimetro.vhd sub00/vhpl05 1503435491
EN decoder7seg NULL C:/Users/Junior/Desktop/projeto_final_novo_praticamente_pronto/projeto_final_novo/decoder7seg.vhd sub00/vhpl02 1503435488
EN parquimetro NULL C:/Users/Junior/Desktop/projeto_final_novo_praticamente_pronto/projeto_final_novo/parquimetro.vhd sub00/vhpl04 1503435490
AR clk2hz behavioral C:/Users/Junior/Desktop/projeto_final_novo_praticamente_pronto/projeto_final_novo/clk2hz.vhd sub00/vhpl07 1503435487
EN clk2hz NULL C:/Users/Junior/Desktop/projeto_final_novo_praticamente_pronto/projeto_final_novo/clk2hz.vhd sub00/vhpl06 1503435486
AR clk1khz behavioral C:/Users/Junior/Desktop/projeto_final_novo_praticamente_pronto/projeto_final_novo/clk1khz.vhd sub00/vhpl01 1503435485
